Gg, Gg, Gg, Gg, Gg, Gg, Gg, Gg, Gg, Gg, Gg, Gg, Gg, Gg, Gg, Gg, Gg, Gg, Gg, Gg, Gg, Gg, Gg, Gg, Gg, Gg
Gg, Mm, Mm, Gg, Gg, Gs^Fp, Gs^Fp, Gg, Gg, Gg, Gg, Gg, Gg, Gg, Gg, Gg, Gg^Vh, Gg, Gs^Fp, Gs^Fp, Gg, Gg, Gg, Gg, Gg, Gg
Gg, Mm, Gg, Hh, Gg, Gs^Fp, Gg, Gg, Gg^Vh, Gg, Gg, Gg, Ch, Gg, Gg, Gg, Gg, Gg, Gg, Gs^Fp, Gg, Gg, Gg, Mm, Mm, Gg
Gg, Gg, Gg, Gg, Hh, Gg, Gg, Gg, Gg, Gg, Gg, Ch, 1 Kh, Ch, Gg, Gg, Hh, Gg, Gg, Gg, Gg^Vh, Gg, Gg, Gg, Mm, Gg
Gg, Gg, Gg, Gg, Gg^Vh, Gg, Gg, Gg, Mm, Gg, Gg, Ch, Ch, Ch, Gg, Gg, Gg, Hh, Gg, Gg, Gg, Hh, Gg, Gg, Gg, Gg
Gg, Gg, Gg, Gg^Fds, Gg, Gg, Gg, Hh, Gg, Gg, Re, Gg^Fds, Gg, Re, Re, Gg, Gg, Gg, Gg, Gg, Gg, Gg, Hh, Gg, Gg, Gg
Gg, Gg, Hh, Gg, Gg^Fds, Gg, Gg^Vh, Gg, Gg, Gg, Re, Gg, Gg, Gg, Hh, Re, Gg, Gg, Gg, Gg, Gg, Gg, Gg, Gg, Gg^Fds, Gg
Gg, Gg, Gg, Gg, Gg, Gg, Gg^Fds, Gg, Gg, Re, Hh, Gg, Gg, Gg, Gg, Gg^Fds, Re, Gg, Gg, Gg, Gg^Fds, Gg^Fds, Gg, Gg^Fds, Gg, Gg
Gg, Ss, Gg^Vh, Gg, Gg, Gg, Gg, Gg, Gg^Fds, Re, Gg, Gg^Vh, Gg, Gg, Gg^Vh, Gg, Re, Gg^Fds, Gg, Gg, Gg, Gg, Gg, Gg, Gg, Gg
Ww, Ww, Ww, Ww, Gg, Gg, Gg, Ss, Gg, Ww^Bsb|, Ww, Ww, Gg, Gg, Gg, Ss, Ww^Bsb|, Ww, Ww, Ww, Gg, Gg, Ss, Gg^Vh, Gg, Gg
Ww, Ww, Wo, Ww, Ww, Wwf, Ww, Ww, Ww, Ww^Bsb|, Ww, Ww, Wwf, Wwf, Ww, Ww, Ww^Bsb|, Wo, Ww, Ww, Wwf, Ww, Ww, Ww, Ww, Ww
Ww, Ww, Ww, Ww, Ww, Wwf, Ww, Ww, Wo, Ww^Bsb|, Ww, Ww, Wwf, Wwf, Ww, Ww, Ww^Bsb|, Ww, Ww, Ww, Wwf, Ww, Ww, Wo, Ww, Ww
Gg, Gg, Gg^Vh, Ss, Gg, Gg, Ww, Ww, Ww, Ww^Bsb|, Ss, Gg, Gg, Gg, Ww, Ww, Ww^Bsb|, Gg, Ss, Gg, Gg, Gg, Ww, Ww, Ww, Ww
Gg, Gg, Gg, Gg, Gg, Gg, Gg, Gg, Gg^Fds, Re, Gg, Gg^Vh, Gg, Gg, Gg^Vh, Gg, Re, Gg^Fds, Gg, Gg, Gg, Gg, Gg, Gg^Vh, Ss, Gg
Gg, Gg, Gg^Fds, Gg, Gg^Fds, Gg^Fds, Gg, Gg, Gg, Re, Gg^Fds, Gg, Gg, Gg, Gg, Hh, Re, Gg, Gg, Gg^Fds, Gg, Gg, Gg, Gg, Gg, Gg
Gg, Gg^Fds, Gg, Gg, Gg, Gg, Gg, Gg, Gg, Gg, Re, Hh, Gg, Gg, Gg, Re, Gg, Gg, Gg, Gg^Vh, Gg, Gg^Fds, Gg, Hh, Gg, Gg
Gg, Gg, Gg, Hh, Gg, Gg, Gg, Gg, Gg, Gg, Gg, Re, Re, Gg, Gg^Fds, Re, Gg, Gg, Hh, Gg, Gg, Gg, Gg^Fds, Gg, Gg, Gg
Gg, Gg, Gg, Gg, Hh, Gg, Gg, Gg, Hh, Gg, Gg, Gg, Ch, Ch, Ch, Gg, Gg, Mm, Gg, Gg, Gg, Gg^Vh, Gg, Gg, Gg, Gg
Gg, Mm, Gg, Gg, Gg, Gg^Vh, Gg, Gg, Gg, Hh, Gg, Gg, Ch, 2 Kh, Ch, Gg, Gg, Gg, Gg, Gg, Gg, Hh, Gg, Gg, Gg, Gg
Gg, Mm, Mm, Gg, Gg, Gg, Gs^Fp, Gg, Gg, Gg, Gg, Gg, Gg, Ch, Gg, Gg, Gg, Gg^Vh, Gg, Gg, Gs^Fp, Gg, Hh, Gg, Mm, Gg
Gg, Gg, Gg, Gg, Gg, Gg, Gs^Fp, Gs^Fp, Gg, Gg^Vh, Gg, Gg, Gg, Gg, Gg, Gg, Gg, Gg, Gg, Gs^Fp, Gs^Fp, Gg, Gg, Mm, Mm, Gg
Gg, Gg, Gg, Gg, Gg, Gg, Gg, Gg, Gg, Gg, Gg, Gg, Gg, Gg, Gg, Gg, Gg, Gg, Gg, Gg, Gg, Gg, Gg, Gg, Gg, Gg
